foo.adb:4:04: warning: analyzing unreferenced procedure "Floats_And_Double"
foo.adb:4:14: warning: subprogram "Floats_And_Double" has no effect
generic_float_tests.adb:14:14: warning: subprogram "Equality_Matters" has no effect, in instantiation at foo.ads:10
generic_float_tests.adb:14:14: warning: subprogram "Equality_Matters" has no effect, in instantiation at foo.ads:15
generic_float_tests.adb:25:14: warning: subprogram "A_Minimum_Of_Care_Is_Needed" has no effect, in instantiation at foo.ads:10
generic_float_tests.adb:25:14: warning: subprogram "A_Minimum_Of_Care_Is_Needed" has no effect, in instantiation at foo.ads:15
generic_float_tests.adb:44:14: warning: subprogram "Add_Monotonic" has no effect, in instantiation at foo.ads:10
generic_float_tests.adb:44:14: warning: subprogram "Add_Monotonic" has no effect, in instantiation at foo.ads:15
generic_float_tests.adb:53:14: warning: subprogram "Add_Strictly_Monotonic" has no effect, in instantiation at foo.ads:10
generic_float_tests.adb:53:14: warning: subprogram "Add_Strictly_Monotonic" has no effect, in instantiation at foo.ads:15
generic_float_tests.adb:62:14: high: all paths in "Smooth" raise exceptions or do not terminate normally, in instantiation at foo.ads:10
generic_float_tests.adb:62:14: high: all paths in "Smooth" raise exceptions or do not terminate normally, in instantiation at foo.ads:15
generic_float_tests.adb:62:14: warning: subprogram "Smooth" has no effect, in instantiation at foo.ads:10
generic_float_tests.adb:62:14: warning: subprogram "Smooth" has no effect, in instantiation at foo.ads:15
generic_float_tests.adb:128:14: warning: subprogram "Inverse_Addition" has no effect, in instantiation at foo.ads:10
generic_float_tests.adb:128:14: warning: subprogram "Inverse_Addition" has no effect, in instantiation at foo.ads:15
generic_float_tests.adb:134:14: warning: subprogram "Substract_Identity_1" has no effect, in instantiation at foo.ads:10
generic_float_tests.adb:134:14: warning: subprogram "Substract_Identity_1" has no effect, in instantiation at foo.ads:15
generic_float_tests.adb:141:14: warning: subprogram "Substract_Identity_2" has no effect, in instantiation at foo.ads:10
generic_float_tests.adb:141:14: warning: subprogram "Substract_Identity_2" has no effect, in instantiation at foo.ads:15
generic_float_tests.adb:148:14: warning: subprogram "Substract_Identity_3" has no effect, in instantiation at foo.ads:10
generic_float_tests.adb:148:14: warning: subprogram "Substract_Identity_3" has no effect, in instantiation at foo.ads:15
generic_float_tests.adb:155:14: warning: subprogram "Underflow_4" has no effect, in instantiation at foo.ads:10
generic_float_tests.adb:155:14: warning: subprogram "Underflow_4" has no effect, in instantiation at foo.ads:15
generic_float_tests.adb:162:14: warning: subprogram "Not_So_Associative" has no effect, in instantiation at foo.ads:10
generic_float_tests.adb:162:14: warning: subprogram "Not_So_Associative" has no effect, in instantiation at foo.ads:15
generic_float_tests.adb:168:14: warning: subprogram "I_Like_To_Commute_To_Work" has no effect, in instantiation at foo.ads:10
generic_float_tests.adb:168:14: warning: subprogram "I_Like_To_Commute_To_Work" has no effect, in instantiation at foo.ads:15
generic_float_tests.adb:174:14: warning: subprogram "Distributed_Fun" has no effect, in instantiation at foo.ads:10
generic_float_tests.adb:174:14: warning: subprogram "Distributed_Fun" has no effect, in instantiation at foo.ads:15
generic_float_tests.adb:187:14: warning: subprogram "Equality" has no effect, in instantiation at foo.ads:10
generic_float_tests.adb:187:14: warning: subprogram "Equality" has no effect, in instantiation at foo.ads:15
generic_float_tests.adb:194:42: info: initialization of "Z" proved, in instantiation at foo.ads:10
generic_float_tests.adb:194:42: info: initialization of "Z" proved, in instantiation at foo.ads:15
generic_float_tests.adb:204:14: warning: subprogram "Introduce_NaN_2" has no effect, in instantiation at foo.ads:10
generic_float_tests.adb:204:14: warning: subprogram "Introduce_NaN_2" has no effect, in instantiation at foo.ads:15
generic_float_tests.adb:221:14: warning: subprogram "Transitive" has no effect, in instantiation at foo.ads:10
generic_float_tests.adb:221:14: warning: subprogram "Transitive" has no effect, in instantiation at foo.ads:15
generic_float_tests.adb:241:14: warning: subprogram "Negation_1" has no effect, in instantiation at foo.ads:10
generic_float_tests.adb:241:14: warning: subprogram "Negation_1" has no effect, in instantiation at foo.ads:15
generic_float_tests.adb:255:14: warning: subprogram "Identity_2" has no effect, in instantiation at foo.ads:10
generic_float_tests.adb:255:14: warning: subprogram "Identity_2" has no effect, in instantiation at foo.ads:15
generic_float_tests.adb:268:37: info: initialization of "A" proved, in instantiation at foo.ads:10
generic_float_tests.adb:268:37: info: initialization of "A" proved, in instantiation at foo.ads:15
generic_float_tests.adb:268:40: info: initialization of "B" proved, in instantiation at foo.ads:10
generic_float_tests.adb:268:40: info: initialization of "B" proved, in instantiation at foo.ads:15
generic_float_tests.adb:268:43: info: initialization of "C" proved, in instantiation at foo.ads:10
generic_float_tests.adb:268:43: info: initialization of "C" proved, in instantiation at foo.ads:15
generic_float_tests.adb:272:18: info: initialization of "A" proved, in instantiation at foo.ads:10
generic_float_tests.adb:272:18: info: initialization of "A" proved, in instantiation at foo.ads:15
generic_float_tests.adb:273:18: info: initialization of "B" proved, in instantiation at foo.ads:10
generic_float_tests.adb:273:18: info: initialization of "B" proved, in instantiation at foo.ads:15
generic_float_tests.adb:274:22: info: initialization of "A" proved, in instantiation at foo.ads:10
generic_float_tests.adb:274:22: info: initialization of "A" proved, in instantiation at foo.ads:15
generic_float_tests.adb:274:26: info: initialization of "C" proved, in instantiation at foo.ads:10
generic_float_tests.adb:274:26: info: initialization of "C" proved, in instantiation at foo.ads:15
generic_float_tests.adb:278:37: info: initialization of "A" proved, in instantiation at foo.ads:10
generic_float_tests.adb:278:37: info: initialization of "A" proved, in instantiation at foo.ads:15
generic_float_tests.adb:278:40: info: initialization of "B" proved, in instantiation at foo.ads:10
generic_float_tests.adb:278:40: info: initialization of "B" proved, in instantiation at foo.ads:15
generic_float_tests.adb:278:43: info: initialization of "C" proved, in instantiation at foo.ads:10
generic_float_tests.adb:278:43: info: initialization of "C" proved, in instantiation at foo.ads:15
generic_float_tests.adb:282:18: info: initialization of "A" proved, in instantiation at foo.ads:10
generic_float_tests.adb:282:18: info: initialization of "A" proved, in instantiation at foo.ads:15
generic_float_tests.adb:283:18: info: initialization of "B" proved, in instantiation at foo.ads:10
generic_float_tests.adb:283:18: info: initialization of "B" proved, in instantiation at foo.ads:15
generic_float_tests.adb:284:26: info: initialization of "B" proved, in instantiation at foo.ads:10
generic_float_tests.adb:284:26: info: initialization of "B" proved, in instantiation at foo.ads:15
generic_float_tests.adb:293:14: warning: subprogram "Unary_Ops" has no effect, in instantiation at foo.ads:10
generic_float_tests.adb:293:14: warning: subprogram "Unary_Ops" has no effect, in instantiation at foo.ads:15
generic_float_tests.adb:300:24: info: initialization of "M" proved, in instantiation at foo.ads:10
generic_float_tests.adb:300:24: info: initialization of "M" proved, in instantiation at foo.ads:15
generic_float_tests.adb:301:19: info: initialization of "M" proved, in instantiation at foo.ads:10
generic_float_tests.adb:301:19: info: initialization of "M" proved, in instantiation at foo.ads:15
generic_float_tests.adb:308:24: info: initialization of "M" proved, in instantiation at foo.ads:10
generic_float_tests.adb:308:24: info: initialization of "M" proved, in instantiation at foo.ads:15
generic_float_tests.adb:309:19: info: initialization of "M" proved, in instantiation at foo.ads:10
generic_float_tests.adb:309:19: info: initialization of "M" proved, in instantiation at foo.ads:15
generic_float_tests.adb:316:28: info: initialization of "Y" proved, in instantiation at foo.ads:10
generic_float_tests.adb:316:28: info: initialization of "Y" proved, in instantiation at foo.ads:15
generic_float_tests.adb:318:19: info: initialization of "Y" proved, in instantiation at foo.ads:10
generic_float_tests.adb:318:19: info: initialization of "Y" proved, in instantiation at foo.ads:15
generic_float_tests.adb:324:14: warning: subprogram "Test_Floor_2" has no effect, in instantiation at foo.ads:10
generic_float_tests.adb:324:14: warning: subprogram "Test_Floor_2" has no effect, in instantiation at foo.ads:15
generic_float_tests.adb:331:14: warning: subprogram "Test_Floor_3" has no effect, in instantiation at foo.ads:10
generic_float_tests.adb:331:14: warning: subprogram "Test_Floor_3" has no effect, in instantiation at foo.ads:15
generic_float_tests.adb:338:14: warning: subprogram "Test_Floor_4" has no effect, in instantiation at foo.ads:10
generic_float_tests.adb:338:14: warning: subprogram "Test_Floor_4" has no effect, in instantiation at foo.ads:15
generic_float_tests.adb:345:14: warning: subprogram "Test_Floor_5" has no effect, in instantiation at foo.ads:10
generic_float_tests.adb:345:14: warning: subprogram "Test_Floor_5" has no effect, in instantiation at foo.ads:15
generic_float_tests.adb:351:14: warning: subprogram "Test_Floor_6" has no effect, in instantiation at foo.ads:10
generic_float_tests.adb:351:14: warning: subprogram "Test_Floor_6" has no effect, in instantiation at foo.ads:15
generic_float_tests.adb:379:28: info: initialization of "I" proved, in instantiation at foo.ads:10
generic_float_tests.adb:379:28: info: initialization of "I" proved, in instantiation at foo.ads:15
generic_float_tests.adb:381:37: info: initialization of "I" proved, in instantiation at foo.ads:10
generic_float_tests.adb:381:37: info: initialization of "I" proved, in instantiation at foo.ads:15
generic_float_tests.adb:382:37: info: initialization of "I" proved, in instantiation at foo.ads:10
generic_float_tests.adb:382:37: info: initialization of "I" proved, in instantiation at foo.ads:15
generic_float_tests.adb:383:37: info: initialization of "I" proved, in instantiation at foo.ads:10
generic_float_tests.adb:383:37: info: initialization of "I" proved, in instantiation at foo.ads:15
generic_float_tests.adb:384:37: info: initialization of "I" proved, in instantiation at foo.ads:10
generic_float_tests.adb:384:37: info: initialization of "I" proved, in instantiation at foo.ads:15
generic_float_tests.adb:385:37: info: initialization of "I" proved, in instantiation at foo.ads:10
generic_float_tests.adb:385:37: info: initialization of "I" proved, in instantiation at foo.ads:15
generic_float_tests.adb:386:37: info: initialization of "I" proved, in instantiation at foo.ads:10
generic_float_tests.adb:386:37: info: initialization of "I" proved, in instantiation at foo.ads:15
generic_float_tests.adb:387:37: info: initialization of "I" proved, in instantiation at foo.ads:10
generic_float_tests.adb:387:37: info: initialization of "I" proved, in instantiation at foo.ads:15
generic_float_tests.adb:388:37: info: initialization of "I" proved, in instantiation at foo.ads:10
generic_float_tests.adb:388:37: info: initialization of "I" proved, in instantiation at foo.ads:15
generic_float_tests.adb:389:37: info: initialization of "I" proved, in instantiation at foo.ads:10
generic_float_tests.adb:389:37: info: initialization of "I" proved, in instantiation at foo.ads:15
generic_float_tests.adb:396:28: info: initialization of "Y" proved, in instantiation at foo.ads:10
generic_float_tests.adb:396:28: info: initialization of "Y" proved, in instantiation at foo.ads:15
generic_float_tests.adb:398:19: info: initialization of "Y" proved, in instantiation at foo.ads:10
generic_float_tests.adb:398:19: info: initialization of "Y" proved, in instantiation at foo.ads:15
generic_float_tests.adb:405:29: info: initialization of "Y" proved, in instantiation at foo.ads:10
generic_float_tests.adb:405:29: info: initialization of "Y" proved, in instantiation at foo.ads:15
generic_float_tests.adb:406:23: info: initialization of "Y" proved, in instantiation at foo.ads:10
generic_float_tests.adb:406:23: info: initialization of "Y" proved, in instantiation at foo.ads:15
generic_float_tests.adb:415:14: info: initialization of "R.B" proved, in instantiation at foo.ads:10
generic_float_tests.adb:415:14: info: initialization of "R.B" proved, in instantiation at foo.ads:15
generic_float_tests.adb:416:12: info: initialization of "R.A" proved, in instantiation at foo.ads:10
generic_float_tests.adb:416:12: info: initialization of "R.A" proved, in instantiation at foo.ads:15
generic_float_tests.adb:420:28: info: initialization of "Y" proved, in instantiation at foo.ads:10
generic_float_tests.adb:420:28: info: initialization of "Y" proved, in instantiation at foo.ads:15
generic_float_tests.adb:421:23: info: initialization of "Y" proved, in instantiation at foo.ads:10
generic_float_tests.adb:421:23: info: initialization of "Y" proved, in instantiation at foo.ads:15
generic_float_tests.adb:428:13: info: initialization of "A" proved, in instantiation at foo.ads:10
generic_float_tests.adb:428:13: info: initialization of "A" proved, in instantiation at foo.ads:15
generic_float_tests.adb:429:13: info: initialization of "A" proved, in instantiation at foo.ads:10
generic_float_tests.adb:429:13: info: initialization of "A" proved, in instantiation at foo.ads:15
generic_float_tests.adb:430:12: info: initialization of "A" proved, in instantiation at foo.ads:10
generic_float_tests.adb:430:12: info: initialization of "A" proved, in instantiation at foo.ads:15
generic_float_tests.adb:434:33: info: initialization of "Y" proved, in instantiation at foo.ads:10
generic_float_tests.adb:434:33: info: initialization of "Y" proved, in instantiation at foo.ads:15
generic_float_tests.adb:436:37: info: initialization of "Y" proved, in instantiation at foo.ads:10
generic_float_tests.adb:436:37: info: initialization of "Y" proved, in instantiation at foo.ads:15
generic_float_tests.adb:437:37: info: initialization of "Y" proved, in instantiation at foo.ads:10
generic_float_tests.adb:437:37: info: initialization of "Y" proved, in instantiation at foo.ads:15
generic_float_tests.adb:438:37: info: initialization of "Y" proved, in instantiation at foo.ads:10
generic_float_tests.adb:438:37: info: initialization of "Y" proved, in instantiation at foo.ads:15
generic_float_tests.adb:439:37: info: initialization of "Y" proved, in instantiation at foo.ads:10
generic_float_tests.adb:439:37: info: initialization of "Y" proved, in instantiation at foo.ads:15
generic_float_tests.adb:440:37: info: initialization of "Y" proved, in instantiation at foo.ads:10
generic_float_tests.adb:440:37: info: initialization of "Y" proved, in instantiation at foo.ads:15
generic_float_tests.adb:441:37: info: initialization of "Y" proved, in instantiation at foo.ads:10
generic_float_tests.adb:441:37: info: initialization of "Y" proved, in instantiation at foo.ads:15
generic_float_tests.adb:442:37: info: initialization of "Y" proved, in instantiation at foo.ads:10
generic_float_tests.adb:442:37: info: initialization of "Y" proved, in instantiation at foo.ads:15
generic_float_tests.adb:443:37: info: initialization of "Y" proved, in instantiation at foo.ads:10
generic_float_tests.adb:443:37: info: initialization of "Y" proved, in instantiation at foo.ads:15
generic_float_tests.adb:444:37: info: initialization of "Y" proved, in instantiation at foo.ads:10
generic_float_tests.adb:444:37: info: initialization of "Y" proved, in instantiation at foo.ads:15
generic_interval_tests.adb:5:23: info: initialization of "Z" proved, in instantiation at bar.ads:12
generic_interval_tests.adb:5:23: info: initialization of "Z" proved, in instantiation at bar.ads:8
generic_interval_tests.adb:8:19: info: initialization of "Z" proved, in instantiation at bar.ads:12
generic_interval_tests.adb:8:19: info: initialization of "Z" proved, in instantiation at bar.ads:8
generic_interval_tests.adb:8:19: medium: postcondition might fail, cannot prove Z in 5.0 .. 20.0, in instantiation at bar.ads:12
generic_interval_tests.adb:8:19: medium: postcondition might fail, cannot prove Z in 5.0 .. 20.0, in instantiation at bar.ads:8
generic_interval_tests.adb:11:14: info: float overflow check proved (CVC4: 1 VC), in instantiation at bar.ads:12
generic_interval_tests.adb:11:14: info: float overflow check proved (CVC4: 1 VC), in instantiation at bar.ads:8
generic_interval_tests.adb:15:23: info: initialization of "Z" proved, in instantiation at bar.ads:12
generic_interval_tests.adb:15:23: info: initialization of "Z" proved, in instantiation at bar.ads:8
generic_interval_tests.adb:18:19: info: initialization of "Z" proved, in instantiation at bar.ads:12
generic_interval_tests.adb:18:19: info: initialization of "Z" proved, in instantiation at bar.ads:8
generic_interval_tests.adb:18:19: medium: postcondition might fail, cannot prove Z in 10.0 .. 20.0, in instantiation at bar.ads:12
generic_interval_tests.adb:18:19: medium: postcondition might fail, cannot prove Z in 10.0 .. 20.0, in instantiation at bar.ads:8
generic_interval_tests.adb:21:14: medium: float overflow check might fail, in instantiation at bar.ads:12
generic_interval_tests.adb:21:14: medium: float overflow check might fail, in instantiation at bar.ads:8
generic_interval_tests.adb:24:14: warning: subprogram "Test_03" has no effect, in instantiation at bar.ads:12
generic_interval_tests.adb:24:14: warning: subprogram "Test_03" has no effect, in instantiation at bar.ads:8
generic_interval_tests.adb:25:21: medium: float overflow check might fail, in instantiation at bar.ads:12
generic_interval_tests.adb:25:21: medium: float overflow check might fail, in instantiation at bar.ads:8
generic_interval_tests.adb:26:19: medium: postcondition might fail, cannot prove X in 0.0 .. 1.0, in instantiation at bar.ads:12
generic_interval_tests.adb:26:19: medium: postcondition might fail, cannot prove X in 0.0 .. 1.0, in instantiation at bar.ads:8
generic_interval_tests.adb:32:14: warning: subprogram "Test_04" has no effect, in instantiation at bar.ads:12
generic_interval_tests.adb:32:14: warning: subprogram "Test_04" has no effect, in instantiation at bar.ads:8
generic_interval_tests.adb:34:19: medium: postcondition might fail, cannot prove X * X in 0.0 .. 1.0, in instantiation at bar.ads:12
generic_interval_tests.adb:34:19: medium: postcondition might fail, cannot prove X * X in 0.0 .. 1.0, in instantiation at bar.ads:8
generic_interval_tests.adb:34:21: medium: float overflow check might fail, in instantiation at bar.ads:12
generic_interval_tests.adb:34:21: medium: float overflow check might fail, in instantiation at bar.ads:8
generic_interval_tests.adb:40:14: warning: subprogram "Test_05" has no effect, in instantiation at bar.ads:12
generic_interval_tests.adb:40:14: warning: subprogram "Test_05" has no effect, in instantiation at bar.ads:8
generic_interval_tests.adb:41:21: medium: float overflow check might fail, in instantiation at bar.ads:12
generic_interval_tests.adb:41:21: medium: float overflow check might fail, in instantiation at bar.ads:8
generic_interval_tests.adb:42:19: medium: postcondition might fail, cannot prove X in 0.0 .. 1.0, in instantiation at bar.ads:12
generic_interval_tests.adb:42:19: medium: postcondition might fail, cannot prove X in 0.0 .. 1.0, in instantiation at bar.ads:8
generic_interval_tests.adb:48:14: warning: subprogram "Test_06" has no effect, in instantiation at bar.ads:12
generic_interval_tests.adb:48:14: warning: subprogram "Test_06" has no effect, in instantiation at bar.ads:8
generic_interval_tests.adb:50:19: medium: postcondition might fail, cannot prove X * Y >= X, in instantiation at bar.ads:12 [possible explanation: precondition of subprogram at line 48 should mention X]
generic_interval_tests.adb:50:19: medium: postcondition might fail, cannot prove X * Y >= X, in instantiation at bar.ads:8 [possible explanation: precondition of subprogram at line 48 should mention X]
generic_interval_tests.adb:50:21: medium: float overflow check might fail, in instantiation at bar.ads:12 [possible explanation: precondition of subprogram at line 48 should mention X]
generic_interval_tests.adb:50:21: medium: float overflow check might fail, in instantiation at bar.ads:8 [possible explanation: precondition of subprogram at line 48 should mention X]
generic_interval_tests.adb:56:14: warning: subprogram "Test_07" has no effect, in instantiation at bar.ads:12
generic_interval_tests.adb:56:14: warning: subprogram "Test_07" has no effect, in instantiation at bar.ads:8
generic_interval_tests.adb:58:19: medium: postcondition might fail, cannot prove X * Y > X, in instantiation at bar.ads:12 [possible explanation: precondition of subprogram at line 56 should mention X]
generic_interval_tests.adb:58:19: medium: postcondition might fail, cannot prove X * Y > X, in instantiation at bar.ads:8 [possible explanation: precondition of subprogram at line 56 should mention X]
generic_interval_tests.adb:58:21: medium: float overflow check might fail, in instantiation at bar.ads:12 [possible explanation: precondition of subprogram at line 56 should mention X]
generic_interval_tests.adb:58:21: medium: float overflow check might fail, in instantiation at bar.ads:8 [possible explanation: precondition of subprogram at line 56 should mention X]
generic_interval_tests.adb:64:14: warning: subprogram "Test_08" has no effect, in instantiation at bar.ads:12
generic_interval_tests.adb:64:14: warning: subprogram "Test_08" has no effect, in instantiation at bar.ads:8
generic_interval_tests.adb:66:19: medium: postcondition might fail, cannot prove X / Y <= abs X, in instantiation at bar.ads:12 [possible explanation: precondition of subprogram at line 64 should mention X]
generic_interval_tests.adb:66:19: medium: postcondition might fail, cannot prove X / Y <= abs X, in instantiation at bar.ads:8 [possible explanation: precondition of subprogram at line 64 should mention X]
generic_interval_tests.adb:66:21: info: division check proved (CVC4: 1 VC), in instantiation at bar.ads:12
generic_interval_tests.adb:66:21: info: division check proved (CVC4: 1 VC), in instantiation at bar.ads:8
generic_interval_tests.adb:66:21: medium: float overflow check might fail, in instantiation at bar.ads:12 [possible explanation: precondition of subprogram at line 64 should mention X]
generic_interval_tests.adb:66:21: medium: float overflow check might fail, in instantiation at bar.ads:8 [possible explanation: precondition of subprogram at line 64 should mention X]
generic_interval_tests.adb:72:14: warning: subprogram "Test_09" has no effect, in instantiation at bar.ads:12
generic_interval_tests.adb:72:14: warning: subprogram "Test_09" has no effect, in instantiation at bar.ads:8
generic_interval_tests.adb:77:12: info: float overflow check proved (CVC4: 1 VC), in instantiation at bar.ads:12
generic_interval_tests.adb:77:12: info: float overflow check proved (CVC4: 1 VC), in instantiation at bar.ads:8
generic_interval_tests.adb:78:25: medium: assertion might fail, cannot prove X < 0.0, in instantiation at bar.ads:12
generic_interval_tests.adb:78:25: medium: assertion might fail, cannot prove X < 0.0, in instantiation at bar.ads:8
generic_interval_tests.adb:82:14: warning: subprogram "Test_10" has no effect, in instantiation at bar.ads:12
generic_interval_tests.adb:82:14: warning: subprogram "Test_10" has no effect, in instantiation at bar.ads:8
generic_interval_tests.adb:87:12: medium: float overflow check might fail, in instantiation at bar.ads:12
generic_interval_tests.adb:87:12: medium: float overflow check might fail, in instantiation at bar.ads:8
generic_interval_tests.adb:88:25: medium: assertion might fail, cannot prove X < 0.0, in instantiation at bar.ads:12
generic_interval_tests.adb:88:25: medium: assertion might fail, cannot prove X < 0.0, in instantiation at bar.ads:8
generic_interval_tests.adb:92:14: warning: subprogram "Test_11" has no effect, in instantiation at bar.ads:12
generic_interval_tests.adb:92:14: warning: subprogram "Test_11" has no effect, in instantiation at bar.ads:8
generic_interval_tests.adb:97:12: info: float overflow check proved (CVC4: 1 VC), in instantiation at bar.ads:12
generic_interval_tests.adb:97:12: info: float overflow check proved (CVC4: 1 VC), in instantiation at bar.ads:8
generic_interval_tests.adb:98:25: medium: assertion might fail, cannot prove X < 0.0, in instantiation at bar.ads:12
generic_interval_tests.adb:98:25: medium: assertion might fail, cannot prove X < 0.0, in instantiation at bar.ads:8
generic_interval_tests.adb:127:23: info: initialization of "Z" proved, in instantiation at bar.ads:12
generic_interval_tests.adb:127:23: info: initialization of "Z" proved, in instantiation at bar.ads:8
generic_interval_tests.adb:129:20: info: initialization of "Z" proved, in instantiation at bar.ads:12
generic_interval_tests.adb:129:20: info: initialization of "Z" proved, in instantiation at bar.ads:8
generic_interval_tests.adb:129:20: medium: postcondition might fail, cannot prove (Z <= 6.0) xor (Z >= 11.0), in instantiation at bar.ads:12
generic_interval_tests.adb:129:20: medium: postcondition might fail, cannot prove (Z <= 6.0) xor (Z >= 11.0), in instantiation at bar.ads:8
generic_interval_tests.adb:132:14: medium: float overflow check might fail, in instantiation at bar.ads:12
generic_interval_tests.adb:132:14: medium: float overflow check might fail, in instantiation at bar.ads:8
generic_interval_tests.adb:136:23: info: initialization of "Z" proved, in instantiation at bar.ads:12
generic_interval_tests.adb:136:23: info: initialization of "Z" proved, in instantiation at bar.ads:8
generic_interval_tests.adb:138:19: info: initialization of "Z" proved, in instantiation at bar.ads:12
generic_interval_tests.adb:138:19: info: initialization of "Z" proved, in instantiation at bar.ads:8
generic_interval_tests.adb:138:19: medium: postcondition might fail, cannot prove Z in 10.0 .. 20.0, in instantiation at bar.ads:12
generic_interval_tests.adb:138:19: medium: postcondition might fail, cannot prove Z in 10.0 .. 20.0, in instantiation at bar.ads:8
generic_interval_tests.adb:141:14: info: float overflow check proved (CVC4: 1 VC), in instantiation at bar.ads:12
generic_interval_tests.adb:141:14: info: float overflow check proved (CVC4: 1 VC), in instantiation at bar.ads:8
generic_interval_tests.adb:145:23: info: initialization of "Z" proved, in instantiation at bar.ads:12
generic_interval_tests.adb:145:23: info: initialization of "Z" proved, in instantiation at bar.ads:8
generic_interval_tests.adb:147:19: info: initialization of "Z" proved, in instantiation at bar.ads:12
generic_interval_tests.adb:147:19: info: initialization of "Z" proved, in instantiation at bar.ads:8
generic_interval_tests.adb:147:19: medium: postcondition might fail, cannot prove Z > X, in instantiation at bar.ads:12
generic_interval_tests.adb:147:19: medium: postcondition might fail, cannot prove Z > X, in instantiation at bar.ads:8
generic_interval_tests.adb:150:14: info: float overflow check proved (CVC4: 1 VC), in instantiation at bar.ads:12
generic_interval_tests.adb:150:14: info: float overflow check proved (CVC4: 1 VC), in instantiation at bar.ads:8
generic_interval_tests.adb:154:23: info: initialization of "Z" proved, in instantiation at bar.ads:12
generic_interval_tests.adb:154:23: info: initialization of "Z" proved, in instantiation at bar.ads:8
generic_interval_tests.adb:156:19: info: initialization of "Z" proved, in instantiation at bar.ads:12
generic_interval_tests.adb:156:19: info: initialization of "Z" proved, in instantiation at bar.ads:8
generic_interval_tests.adb:156:19: medium: postcondition might fail, cannot prove Z > X, in instantiation at bar.ads:12
generic_interval_tests.adb:156:19: medium: postcondition might fail, cannot prove Z > X, in instantiation at bar.ads:8
generic_interval_tests.adb:159:15: medium: float overflow check might fail, in instantiation at bar.ads:12
generic_interval_tests.adb:159:15: medium: float overflow check might fail, in instantiation at bar.ads:8
generic_interval_tests.adb:159:22: medium: float overflow check might fail, in instantiation at bar.ads:12
generic_interval_tests.adb:159:22: medium: float overflow check might fail, in instantiation at bar.ads:8
generic_interval_tests.adb:163:23: info: initialization of "Z" proved, in instantiation at bar.ads:12
generic_interval_tests.adb:163:23: info: initialization of "Z" proved, in instantiation at bar.ads:8
generic_interval_tests.adb:165:19: info: initialization of "Z" proved, in instantiation at bar.ads:12
generic_interval_tests.adb:165:19: info: initialization of "Z" proved, in instantiation at bar.ads:8
generic_interval_tests.adb:165:19: medium: postcondition might fail, cannot prove Z >= X, in instantiation at bar.ads:12
generic_interval_tests.adb:165:19: medium: postcondition might fail, cannot prove Z >= X, in instantiation at bar.ads:8
generic_interval_tests.adb:168:15: medium: float overflow check might fail, in instantiation at bar.ads:12
generic_interval_tests.adb:168:15: medium: float overflow check might fail, in instantiation at bar.ads:8
generic_interval_tests.adb:168:22: info: float overflow check proved (CVC4: 1 VC), in instantiation at bar.ads:12
generic_interval_tests.adb:168:22: info: float overflow check proved (CVC4: 1 VC), in instantiation at bar.ads:8
generic_interval_tests.adb:172:23: info: initialization of "Z" proved, in instantiation at bar.ads:12
generic_interval_tests.adb:172:23: info: initialization of "Z" proved, in instantiation at bar.ads:8
generic_interval_tests.adb:178:19: info: initialization of "Z" proved, in instantiation at bar.ads:12
generic_interval_tests.adb:178:19: info: initialization of "Z" proved, in instantiation at bar.ads:8
generic_interval_tests.adb:178:19: medium: postcondition might fail, cannot prove Z > 10.0, in instantiation at bar.ads:12
generic_interval_tests.adb:178:19: medium: postcondition might fail, cannot prove Z > 10.0, in instantiation at bar.ads:8
generic_interval_tests.adb:181:22: medium: assertion might fail, cannot prove A < B, in instantiation at bar.ads:12
generic_interval_tests.adb:181:22: medium: assertion might fail, cannot prove A < B, in instantiation at bar.ads:8
generic_interval_tests.adb:182:22: info: assertion proved (CVC4: 1 VC), in instantiation at bar.ads:12
generic_interval_tests.adb:182:22: info: assertion proved (CVC4: 1 VC), in instantiation at bar.ads:8
generic_interval_tests.adb:183:22: info: assertion proved (CVC4: 2 VC), in instantiation at bar.ads:12
generic_interval_tests.adb:183:22: info: assertion proved (CVC4: 2 VC), in instantiation at bar.ads:8
generic_interval_tests.adb:184:14: medium: float overflow check might fail, in instantiation at bar.ads:12
generic_interval_tests.adb:184:14: medium: float overflow check might fail, in instantiation at bar.ads:8
generic_interval_tests.adb:184:18: medium: float overflow check might fail, in instantiation at bar.ads:12
generic_interval_tests.adb:184:18: medium: float overflow check might fail, in instantiation at bar.ads:8
generic_interval_tests.adb:184:22: medium: float overflow check might fail, in instantiation at bar.ads:12
generic_interval_tests.adb:184:22: medium: float overflow check might fail, in instantiation at bar.ads:8
homothetical.adb:42:35: info: initialization of "kvp" proved
homothetical.adb:44:17: info: initialization of "kvp" proved
homothetical.adb:47:13: warning: unused assignment
homothetical.adb:48:13: warning: unused assignment
homothetical.adb:51:35: info: initialization of "kvp" proved
homothetical.adb:54:35: info: unrolling loop
homothetical.adb:57:38: info: unrolling loop
homothetical.adb:59:40: info: initialization of "lambda" proved
homothetical.adb:59:52: info: initialization of "kvp" proved
homothetical.adb:60:40: info: initialization of "upsilon" proved
homothetical.adb:64:19: info: initialization of "kvmax" proved
homothetical.adb:64:22: info: initialization of "lambda" proved
homothetical.adb:64:35: info: initialization of "kvp" proved
homothetical.adb:65:19: info: initialization of "kamax" proved
homothetical.adb:65:22: info: initialization of "upsilon" proved
homothetical.ads:17:17: info: initialization of "kvmax" proved
homothetical.ads:18:17: info: initialization of "kamax" proved
homothetical.ads:25:17: info: initialization of "kvmax" proved
homothetical.ads:26:17: info: initialization of "kamax" proved
reduced_02.ads:9:15: medium: range check might fail






                                       Logical symbol neq is used in a non-ghost context|
                                       Logical symbol neq is used in a non-ghost context|
+==========================================================================+
+==========================================================================+
+===========================GNAT BUG DETECTED==============================+
+===========================GNAT BUG DETECTED==============================+
foo.adb
foo.ads
generic_float_tests.adb
generic_float_tests.ads
homothetical.adb
homothetical.ads
Consider also -gnatd.n switch (see debug.adb).
Consider also -gnatd.n switch (see debug.adb).
Note that list may not be accurate in some cases,
Note that list may not be accurate in some cases,
Please include these source files with error report
Please include these source files with error report
be reproduced with the set of files listed.
be reproduced with the set of files listed.
compilation abandoned
compilation abandoned
gnatprove: error during flow analysis and proof
so please double check that the problem can still
so please double check that the problem can still
|     "proof/sessions/foo/../../../gnatprove/foo.mlw", line 11597, characters 42-53:
|     "proof/sessions/homothetical/../../../gnatprove/homothetical.mlw", line 4399, characters 72-83:
| Also include sources listed below.                                       |
| Also include sources listed below.                                       |
| Include the entire contents of this bug box in the report.               |
| Include the entire contents of this bug box in the report.               |
| Include the exact command that you entered.                              |
| Include the exact command that you entered.                              |
| No source file position information available                            |
| No source file position information available                            |
| Please submit a bug report using GNAT Tracker:                           |
| Please submit a bug report using GNAT Tracker:                           |
| Pro 19.0w (19940713) (spark) GCC error:                                  |
| Pro 19.0w (19940713) (spark) GCC error:                                  |
| Use a subject line meaningful to you and us to track the bug.            |
| Use a subject line meaningful to you and us to track the bug.            |
| Use plain ASCII or MIME attachment(s).                                   |
| Use plain ASCII or MIME attachment(s).                                   |
| alternatively submit a bug report by email to report@adacore.com,        |
| alternatively submit a bug report by email to report@adacore.com,        |
| could not reload files of the session: File                              |
| could not reload files of the session: File                              |
| http://www.adacore.com/gnattracker/ section 'send a report'.             |
| http://www.adacore.com/gnattracker/ section 'send a report'.             |
| including your customer number #nnn in the subject line.                 |
| including your customer number #nnn in the subject line.                 |
