aco-math-very_longs.adb:21:54: info: initialization of "Digit" proved
aco-math-very_longs.adb:21:77: info: initialization of "Valid" proved
aco-math-very_longs.adb:39:52: info: initialization of "Result.Long_Digits" proved
aco-math-very_longs.adb:39:76: info: initialization of "Carry" proved
aco-math-very_longs.adb:51:36: info: cannot unroll loop (too many loop iterations)
aco-math-very_longs.adb:54:21: info: initialization of "L_Digit" proved
aco-math-very_longs.adb:54:31: info: initialization of "R_Digit" proved
aco-math-very_longs.adb:54:41: info: initialization of "Carry" proved
aco-math-very_longs.adb:55:57: info: initialization of "Sum" proved
aco-math-very_longs.adb:56:32: info: initialization of "Result.Long_Digits" proved
aco-math-very_longs.adb:56:50: info: initialization of "Sum" proved
aco-math-very_longs.adb:62:58: info: initialization of "Result.Long_Digits" proved
aco-math-very_longs.adb:62:82: info: initialization of "Borrow" proved
aco-math-very_longs.adb:74:36: info: cannot unroll loop (too many loop iterations)
aco-math-very_longs.adb:77:25: info: initialization of "L_Digit" proved
aco-math-very_longs.adb:77:35: info: initialization of "R_Digit" proved
aco-math-very_longs.adb:77:46: info: initialization of "Borrow" proved
aco-math-very_longs.adb:78:14: info: initialization of "Difference" proved
aco-math-very_longs.adb:83:32: info: initialization of "Result.Long_Digits" proved
aco-math-very_longs.adb:83:50: info: initialization of "Difference" proved
aco-math-very_longs.adb:97:26: info: range check proved (CVC4: 1 VC)
aco-math-very_longs.adb:100:26: info: length check proved (CVC4: 4 VC)
aco-math-very_longs.adb:100:29: info: length check proved (CVC4: 4 VC)
aco-math-very_longs.adb:102:45: info: cannot unroll loop (too many loop iterations)
aco-math-very_longs.adb:103:29: info: index check proved (CVC4: 2 VC)
aco-math-very_longs.adb:103:36: info: initialization of "Result.Long_Digits" proved
aco-math-very_longs.adb:103:49: info: initialization of "Temp" proved
aco-math-very_longs.adb:103:54: info: division check proved (CVC4: 1 VC)
aco-math-very_longs.adb:103:54: info: range check proved (CVC4: 1 VC)
aco-math-very_longs.adb:104:18: info: initialization of "Temp" proved
aco-math-very_longs.adb:104:23: info: division check proved (CVC4: 1 VC)
aco-math-very_longs.adb:106:14: info: initialization of "Result.Long_Digits" proved
aco-math-very_longs.adb:119:26: info: length check proved (CVC4: 4 VC)
aco-math-very_longs.adb:119:29: info: length check proved (CVC4: 4 VC)
aco-math-very_longs.adb:122:41: info: range check proved (CVC4: 1 VC)
aco-math-very_longs.adb:123:29: info: range check proved (CVC4: 1 VC)
aco-math-very_longs.adb:125:32: info: initialization of "String_Index" proved
aco-math-very_longs.adb:125:87: info: initialization of "Index" proved
aco-math-very_longs.adb:127:31: info: initialization of "String_Index" proved
aco-math-very_longs.adb:128:31: info: initialization of "String_Index" proved
aco-math-very_longs.adb:129:18: info: initialization of "H_Okay" proved
aco-math-very_longs.adb:129:29: info: initialization of "L_Okay" proved
aco-math-very_longs.adb:133:36: info: initialization of "Index" proved
aco-math-very_longs.adb:133:36: info: initialization of "Result.Long_Digits" proved
aco-math-very_longs.adb:133:44: info: initialization of "H_Digit" proved
aco-math-very_longs.adb:133:54: info: initialization of "L_Digit" proved
aco-math-very_longs.adb:134:20: info: initialization of "Index" proved
aco-math-very_longs.adb:135:26: info: initialization of "Index" proved
aco-math-very_longs.adb:136:26: info: initialization of "String_Index" proved
aco-math-very_longs.adb:148:44: info: cannot unroll loop (too many loop iterations)
aco-math-very_longs.adb:159:14: info: initialization of "Result" proved
aco-math-very_longs.adb:203:36: info: cannot unroll loop (too many loop iterations)
aco-math-very_longs.adb:206:21: info: initialization of "L_Digit" proved
aco-math-very_longs.adb:206:31: info: initialization of "R_Digit" proved
aco-math-very_longs.adb:206:41: info: initialization of "Carry" proved
aco-math-very_longs.adb:207:57: info: initialization of "Sum" proved
aco-math-very_longs.adb:208:32: info: initialization of "Result.Long_Digits" proved
aco-math-very_longs.adb:208:50: info: initialization of "Sum" proved
aco-math-very_longs.adb:210:14: info: initialization of "Result.Long_Digits" proved
aco-math-very_longs.adb:223:36: info: cannot unroll loop (too many loop iterations)
aco-math-very_longs.adb:226:25: info: initialization of "L_Digit" proved
aco-math-very_longs.adb:226:35: info: initialization of "R_Digit" proved
aco-math-very_longs.adb:226:46: info: initialization of "Borrow" proved
aco-math-very_longs.adb:227:14: info: initialization of "Difference" proved
aco-math-very_longs.adb:232:32: info: initialization of "Result.Long_Digits" proved
aco-math-very_longs.adb:232:50: info: initialization of "Difference" proved
aco-math-very_longs.adb:234:14: info: initialization of "Result.Long_Digits" proved
aco-math-very_longs.adb:253:36: info: cannot unroll loop (too many loop iterations)
aco-math-very_longs.adb:255:39: info: cannot unroll loop (too many loop iterations)
aco-math-very_longs.adb:259:44: info: initialization of "Result.Long_Digits" proved
aco-math-very_longs.adb:260:28: info: initialization of "L_Digit" proved
aco-math-very_longs.adb:260:38: info: initialization of "R_Digit" proved
aco-math-very_longs.adb:260:49: info: initialization of "T_Digit" proved
aco-math-very_longs.adb:260:59: info: initialization of "Carry" proved
aco-math-very_longs.adb:261:46: info: initialization of "Result.Long_Digits" proved
aco-math-very_longs.adb:261:64: info: initialization of "Temp" proved
aco-math-very_longs.adb:262:63: info: initialization of "Temp" proved
aco-math-very_longs.adb:266:14: info: initialization of "Result.Long_Digits" proved
aco-math-very_longs.adb:282:36: info: cannot unroll loop (too many loop iterations)
aco-math-very_longs.adb:284:39: info: cannot unroll loop (too many loop iterations)
aco-math-very_longs.adb:287:42: info: initialization of "Result.Long_Digits" proved
aco-math-very_longs.adb:288:26: info: initialization of "L_Digit" proved
aco-math-very_longs.adb:288:36: info: initialization of "R_Digit" proved
aco-math-very_longs.adb:288:47: info: initialization of "T_Digit" proved
aco-math-very_longs.adb:288:57: info: initialization of "Carry" proved
aco-math-very_longs.adb:289:43: info: initialization of "Result.Long_Digits" proved
aco-math-very_longs.adb:289:61: info: initialization of "Temp" proved
aco-math-very_longs.adb:290:61: info: initialization of "Temp" proved
aco-math-very_longs.adb:292:49: info: initialization of "Result.Long_Digits" proved
aco-math-very_longs.adb:292:67: info: initialization of "Carry" proved
aco-math-very_longs.adb:294:14: info: initialization of "Result.Long_Digits" proved
aco-math-very_longs.adb:336:54: info: initialization of "Digit_Index" proved
aco-math-very_longs.adb:337:73: info: initialization of "Digit_Index" proved
aco-math-very_longs.adb:339:17: info: initialization of "Digit_Index" proved
aco-math-very_longs.adb:350:30: info: unrolling loop
aco-math-very_longs.adb:355:17: info: initialization of "Distance" proved
aco-math-very_longs.adb:359:56: info: initialization of "Result.Long_Digits" proved
aco-math-very_longs.adb:370:44: info: cannot unroll loop (too many loop iterations)
aco-math-very_longs.adb:371:84: info: initialization of "Overflow_Mask" proved
aco-math-very_longs.adb:372:35: info: initialization of "Result.Long_Digits" proved
aco-math-very_longs.adb:373:38: info: initialization of "Result.Long_Digits" proved
aco-math-very_longs.adb:373:63: info: initialization of "Old_Overflow" proved
aco-math-very_longs.adb:374:29: info: initialization of "New_Overflow" proved
aco-math-very_longs.adb:376:54: info: initialization of "Result.Long_Digits" proved
aco-math-very_longs.adb:376:57: info: initialization of "Old_Overflow" proved
aco-math-very_longs.adb:389:44: info: cannot unroll loop (too many loop iterations)
aco-math-very_longs.adb:390:84: info: initialization of "Overflow_Mask" proved
aco-math-very_longs.adb:392:63: info: initialization of "Old_Overflow" proved
aco-math-very_longs.adb:393:29: info: initialization of "New_Overflow" proved
aco-math-very_longs.adb:407:52: info: cannot unroll loop (too many loop iterations)
aco-math-very_longs.adb:408:55: info: initialization of "Overflow_Mask" proved
aco-math-very_longs.adb:410:91: info: initialization of "Old_Overflow" proved
aco-math-very_longs.adb:411:29: info: initialization of "New_Overflow" proved
aco-math-very_longs.adb:417:55: info: initialization of "Q_Hat" proved
aco-math-very_longs.adb:424:19: info: initialization of "Temporary_Digit" proved
aco-math-very_longs.adb:425:19: info: initialization of "Temporary_Digit" proved
aco-math-very_longs.adb:431:13: info: initialization of "Q_Hat" proved
aco-math-very_longs.adb:431:83: info: initialization of "R_Hat" proved
aco-math-very_longs.adb:432:22: info: initialization of "Q_Hat" proved
aco-math-very_longs.adb:433:22: info: initialization of "R_Hat" proved
aco-math-very_longs.adb:435:13: info: initialization of "R_Hat" proved
aco-math-very_longs.adb:437:16: info: initialization of "Q_Hat" proved
aco-math-very_longs.adb:437:86: info: initialization of "R_Hat" proved
aco-math-very_longs.adb:438:25: info: initialization of "Q_Hat" proved
aco-math-very_longs.adb:446:59: info: initialization of "Current_Borrow" proved
aco-math-very_longs.adb:456:61: info: cannot unroll loop (dynamic loop bounds)
aco-math-very_longs.adb:457:81: info: initialization of "Carry" proved
aco-math-very_longs.adb:458:58: info: initialization of "Product" proved
aco-math-very_longs.adb:460:32: info: initialization of "Product" proved
aco-math-very_longs.adb:461:74: info: initialization of "Temporary_Digit" proved
aco-math-very_longs.adb:461:92: info: initialization of "Current_Borrow" proved
aco-math-very_longs.adb:467:84: info: initialization of "Temporary_Digit" proved
aco-math-very_longs.adb:467:103: info: initialization of "Current_Borrow" proved
aco-math-very_longs.adb:468:31: info: initialization of "Future_Borrow" proved
aco-math-very_longs.adb:472:59: info: initialization of "Carry" proved
aco-math-very_longs.adb:472:67: info: initialization of "Current_Borrow" proved
aco-math-very_longs.adb:477:95: info: initialization of "Carry" proved
aco-math-very_longs.adb:477:104: info: initialization of "Current_Borrow" proved
aco-math-very_longs.adb:478:28: info: initialization of "Future_Borrow" proved
aco-math-very_longs.adb:495:64: info: cannot unroll loop (dynamic loop bounds)
aco-math-very_longs.adb:496:129: info: initialization of "Carry" proved
aco-math-very_longs.adb:497:71: info: initialization of "Sum" proved
aco-math-very_longs.adb:498:61: info: initialization of "Sum" proved
aco-math-very_longs.adb:500:83: info: initialization of "Carry" proved
aco-math-very_longs.adb:510:17: info: initialization of "N" proved
aco-math-very_longs.adb:513:64: info: initialization of "N" proved
aco-math-very_longs.adb:514:36: info: initialization of "Shift_Distance" proved
aco-math-very_longs.adb:516:18: info: initialization of "V.Long_Digits" proved
aco-math-very_longs.adb:516:21: info: initialization of "Shift_Distance" proved
aco-math-very_longs.adb:519:12: info: initialization of "M" proved
aco-math-very_longs.adb:523:10: info: initialization of "J" proved
aco-math-very_longs.adb:523:10: info: initialization of "N" proved
aco-math-very_longs.adb:523:10: info: initialization of "U.Long_Digits" proved
aco-math-very_longs.adb:523:10: info: initialization of "V.Long_Digits" proved
aco-math-very_longs.adb:526:10: info: initialization of "J" proved
aco-math-very_longs.adb:526:10: info: initialization of "N" proved
aco-math-very_longs.adb:526:10: info: initialization of "Q_Hat" proved
aco-math-very_longs.adb:526:10: info: initialization of "U.Long_Digits" proved
aco-math-very_longs.adb:526:10: info: initialization of "V.Long_Digits" proved
aco-math-very_longs.adb:529:10: info: initialization of "Current_Borrow" proved
aco-math-very_longs.adb:529:10: info: initialization of "J" proved
aco-math-very_longs.adb:529:10: info: initialization of "N" proved
aco-math-very_longs.adb:529:10: info: initialization of "Q_Hat" proved
aco-math-very_longs.adb:529:10: info: initialization of "Quotient.Long_Digits" proved
aco-math-very_longs.adb:529:10: info: initialization of "U.Long_Digits" proved
aco-math-very_longs.adb:529:10: info: initialization of "V.Long_Digits" proved
aco-math-very_longs.adb:532:20: info: initialization of "J" proved
aco-math-very_longs.adb:533:15: info: initialization of "J" proved
aco-math-very_longs.adb:537:56: info: initialization of "N" proved
aco-math-very_longs.adb:537:58: info: cannot unroll loop (dynamic loop bounds)
aco-math-very_longs.adb:538:47: info: initialization of "Remainder.Long_Digits" proved
aco-math-very_longs.adb:538:50: info: initialization of "U.Long_Digits" proved
aco-math-very_longs.adb:540:19: info: initialization of "Remainder.Long_Digits" proved
aco-math-very_longs.adb:540:30: info: initialization of "Shift_Distance" proved
aco-math-very_longs.adb:553:10: info: initialization of "Carry" proved
aco-math-very_longs.adb:553:29: info: initialization of "Result.Long_Digits" proved
aco-math-very_longs.adb:554:32: info: initialization of "Result.Long_Digits" proved
aco-math-very_longs.adb:556:14: info: initialization of "Result.Long_Digits" proved
aco-math-very_longs.adb:565:10: info: initialization of "Borrow" proved
aco-math-very_longs.adb:566:27: info: initialization of "Result.Long_Digits" proved
aco-math-very_longs.adb:568:14: info: initialization of "Result.Long_Digits" proved
aco-math-very_longs.adb:585:62: info: initialization of "Bit_Position" proved
aco-math-very_longs.adb:586:42: info: initialization of "Digit_Number" proved
aco-math-very_longs.adb:588:11: info: initialization of "Digit" proved
aco-math-very_longs.adb:588:21: info: initialization of "Mask" proved
aco-math-very_longs.adb:593:14: info: initialization of "Result" proved
aco-math-very_longs.adb:604:42: info: initialization of "Digit_Number" proved
aco-math-very_longs.adb:607:19: info: initialization of "Digit" proved
aco-math-very_longs.adb:607:67: info: initialization of "Bit_Position" proved
aco-math-very_longs.adb:609:19: info: initialization of "Digit" proved
aco-math-very_longs.adb:609:72: info: initialization of "Bit_Position" proved
aco-math-very_longs.adb:611:40: info: initialization of "Digit_Number" proved
aco-math-very_longs.adb:611:43: info: initialization of "Digit" proved
aco-math-very_longs.ads:24:16: info: postcondition proved (CVC4: 1 VC)
aco-math-very_longs.ads:26:55: info: initialization of "Result.Long_Digits" proved
aco-math-very_longs.ads:26:79: info: initialization of "Valid" proved
aco-math-very_longs.ads:75:70: info: initialization of "Quotient.Long_Digits" proved
aco-math-very_longs.ads:75:96: info: initialization of "Remainder.Long_Digits" proved
aco-math-very_longs.ads:110:10: info: range check proved (CVC4: 2 VC)



+==========================================================================+
+===========================GNAT BUG DETECTED==============================+
aco-bit_operations.ads
aco-double_octet_operations.ads
aco-math-very_longs.adb
aco-math-very_longs.ads
aco-math.ads
aco-octet_operations.ads
aco.ads
Consider also -gnatd.n switch (see debug.adb).
Note that list may not be accurate in some cases,
Please include these source files with error report
be reproduced with the set of files listed.
compilation abandoned
gnatprove: error during flow analysis and proof
so please double check that the problem can still
| Also include sources listed below.                                       |
| Error detected at aco-math-very_longs.adb:500:13                         |
| Include the entire contents of this bug box in the report.               |
| Include the exact command that you entered.                              |
| Please submit a bug report using GNAT Tracker:                           |
| Pro 19.0w (19940713) (spark) Assert_Failure gnat2why-counter_examples.adb:514|
| Use a subject line meaningful to you and us to track the bug.            |
| Use plain ASCII or MIME attachment(s).                                   |
| alternatively submit a bug report by email to report@adacore.com,        |
| http://www.adacore.com/gnattracker/ section 'send a report'.             |
| including your customer number #nnn in the subject line.                 |
