user_eq.adb:27:19: info: assertion proved (CVC4: 1 VC)
user_eq.adb:27:19: info: initialization of "X.F.A" proved
user_eq.adb:27:19: info: initialization of "X.F.B" proved
user_eq.adb:27:23: info: initialization of "Y.F.A" proved
user_eq.adb:27:23: info: initialization of "Y.F.B" proved
user_eq.adb:28:19: info: initialization of "Z.F.A" proved
user_eq.adb:28:19: info: initialization of "Z.F.B" proved
user_eq.adb:28:19: medium: assertion might fail, cannot prove Z = W
user_eq.adb:28:23: info: initialization of "W.F.A" proved
user_eq.adb:28:23: info: initialization of "W.F.B" proved
