------------------
------------------
main.gpr:4:09: duplicate unit "a.main"
main.gpr:4:09: duplicate unit "a.main"


gnatprove: error during generation of Global contracts
gnatprove: main.gpr:4:09: duplicate unit "a.main"
gnatprove: main.gpr:4:09: duplicate unit "a.main"
gprbuild: "main.gpr" processing failed
