bitwise.adb:6:53: info: range check proved (CVC4: 2 VC)
bitwise.adb:7:22: info: assertion proved (CVC4: 1 VC)
bitwise.adb:7:22: info: initialization of "Res" proved
bitwise.adb:14:22: info: assertion proved (CVC4: 1 VC)
bitwise.adb:14:29: info: initialization of "Res" proved
bitwise.adb:20:22: info: assertion proved (altergo: 1 VC)
bitwise.adb:20:22: info: initialization of "Res" proved
bitwise.adb:20:30: info: division check proved (CVC4: 1 VC)
bitwise.adb:21:27: info: initialization of "Res" proved
bitwise.adb:22:22: info: initialization of "Res" proved
bitwise.adb:22:22: medium: assertion might fail, cannot prove Res = X / 8 (e.g. when Res = 1 and X = 2) [possible explanation: subprogram at line 17 should mention X in a precondition]
bitwise.adb:22:30: info: division check proved (CVC4: 1 VC)
bitwise.adb:32:22: info: assertion proved (CVC4: 1 VC)
bitwise.adb:33:22: info: assertion proved (CVC4: 1 VC)
bitwise.adb:38:34: info: range check proved (CVC4: 2 VC)
bitwise.adb:39:50: info: range check proved (CVC4: 2 VC)
bitwise.adb:40:22: medium: assertion might fail, cannot prove Val = (Unsigned_16(FstHalf) or Shift_Left(Unsigned_16(SndHalf), 8)) (e.g. when FstHalf = 1 and SndHalf = 0 and Val = 16385) [possible explanation: subprogram at line 36 should mention Val in a precondition]
bitwise.adb:41:35: info: initialization of "FstHalf" proved
bitwise.adb:42:50: info: initialization of "SndHalf" proved
bitwise.adb:51:22: info: initialization of "Res" proved
bitwise.adb:51:22: medium: assertion might fail, cannot prove Res = (Unsigned_32( Unsigned_16(Val1) or Shift_Left(Unsigned_16(Val2), 8) ) or Shift_Left(Unsigned_32( Unsigned_16(Val3) or Shift_Left(Unsigned_16(Val4), 8) ), 16)) (e.g. when Res = 0 and Val1 = 0 and Val2 = 0 and Val3 = 0 and Val4 = 1) [possible explanation: subprogram at line 45 should mention Val1 and Val2 and Val3 and Val4 in a precondition]
bitwise.ads:7:37: info: initialization of "Res" proved
bitwise.ads:10:46: info: initialization of "Res" proved
bitwise.ads:13:45: info: initialization of "Res" proved
bitwise.ads:19:45: info: initialization of "FstHalf" proved
bitwise.ads:19:54: info: initialization of "SndHalf" proved
bitwise.ads:22:62: info: initialization of "Res" proved
