a-cofove.ads:596:57: info: range check proved (CVC4: 1 VC), in instantiation at partition_refinement.ads:20
a-cofove.ads:724:23: info: precondition proved (CVC4: 1 VC), in instantiation at partition_refinement.ads:20
a-cofove.ads:727:38: info: range check proved (CVC4: 1 VC), in instantiation at partition_refinement.ads:20
a-cofove.ads:760:14: info: precondition proved (CVC4: 1 VC), in instantiation at partition_refinement.ads:20
a-cofove.ads:764:35: info: range check proved (CVC4: 1 VC), in instantiation at partition_refinement.ads:20
a-cofuve.ads:230:54: info: overflow check proved (CVC4: 1 VC), in instantiation at a-cofove.ads:96, in instantiation at partition_refinement.ads:20
a-cofuve.ads:235:63: info: range check proved (CVC4: 1 VC), in instantiation at a-cofove.ads:96, in instantiation at partition_refinement.ads:20
a-cofuve.ads:236:76: info: overflow check proved (CVC4: 1 VC), in instantiation at a-cofove.ads:96, in instantiation at partition_refinement.ads:20
a-cofuve.ads:237:30: info: range check proved (CVC4: 1 VC), in instantiation at a-cofove.ads:96, in instantiation at partition_refinement.ads:20
a-cofuve.ads:298:52: info: overflow check proved (CVC4: 1 VC), in instantiation at a-cofove.ads:96, in instantiation at partition_refinement.ads:20
p.adb:9:36: info: loop invariant preservation proved (CVC4: 1 VC)
p.adb:9:36: medium: loop invariant might fail in first iteration, cannot prove F'Loop_Entry = Saved (e.g. when F = (1 => 1, others => 2) and Saved = (1 => 2, others => 1))
partition_refinement.adb:12:20: info: precondition proved (CVC4: 2 VC)
partition_refinement.adb:13:13: info: initialization of "P_Elem.Count" proved
partition_refinement.adb:13:34: info: initialization of "P_Elem.Last" proved
partition_refinement.adb:13:48: info: initialization of "P_Elem.First" proved
partition_refinement.adb:14:43: info: initialization of "P_Elem.First" proved
partition_refinement.adb:14:56: info: range check proved (CVC4: 1 VC)
partition_refinement.adb:14:58: info: initialization of "P_Elem.Count" proved
partition_refinement.adb:15:43: info: initialization of "P_Elem.Last" proved
partition_refinement.adb:19:22: info: initialization of "P_Prime.First" proved
partition_refinement.adb:19:39: info: initialization of "P_Prime.Last" proved
partition_refinement.adb:20:24: info: initialization of "P_Prime_Index" proved
partition_refinement.adb:21:64: info: initialization of "P_Prime.First" proved
partition_refinement.adb:21:93: info: initialization of "P_Prime_Index" proved
partition_refinement.adb:22:69: info: initialization of "P_Prime.First" proved
partition_refinement.ads:30:07: warning: "P" is not modified, could be IN



+==========================================================================+
+===========================GNAT BUG DETECTED==============================+
partition_refinement.adb
partition_refinement.ads
Consider also -gnatd.n switch (see debug.adb).
Note that list may not be accurate in some cases,
Please include these source files with error report
be reproduced with the set of files listed.
compilation abandoned
gnatprove: error during flow analysis and proof
so please double check that the problem can still
| Also include sources listed below.                                       |
| Error detected at partition_refinement.adb:13:48                         |
| Include the entire contents of this bug box in the report.               |
| Include the exact command that you entered.                              |
| Please submit a bug report using GNAT Tracker:                           |
| Pro 20.0w (19940713) (spark) Assert_Failure failed precondition from gnat2why-tables.ads:125|
| Use a subject line meaningful to you and us to track the bug.            |
| Use plain ASCII or MIME attachment(s).                                   |
| alternatively submit a bug report by email to report@adacore.com,        |
| http://www.adacore.com/gnattracker/ section 'send a report'.             |
| including your customer number #nnn in the subject line.                 |
