psu_monitoring.adb:79:14: info: initialization of "within_limits" proved
psu_monitoring.adb:91:94: info: float overflow check proved (Interval)
psu_monitoring.adb:98:75: info: float overflow check proved (Interval)
psu_monitoring.adb:98:75: info: range check proved (Interval)
psu_monitoring.adb:100:75: info: float overflow check proved (Interval)
psu_monitoring.adb:104:75: info: float overflow check proved (Interval)
psu_monitoring.adb:106:75: info: float overflow check proved (Interval)
psu_monitoring.adb:106:75: info: range check proved (Interval)
psu_monitoring.adb:110:32: info: initialization of "expanded_lower_threshold" proved
psu_monitoring.adb:110:76: info: initialization of "expanded_upper_threshold" proved
psu_monitoring.adb:115:14: info: initialization of "within_expanded_limits" proved
psu_monitoring.adb:217:10: warning: assuming "Put_Line" has no effect on global items
psu_monitoring.adb:217:10: warning: no Global contract available for "Put_Line"
psu_monitoring.adb:235:23: info: initialization of "next_time" proved
psu_monitoring.adb:236:22: info: initialization of "next_time" proved



+==========================================================================+
+===========================GNAT BUG DETECTED==============================+
psu_control.ads
psu_monitoring.adb
psu_monitoring.ads
psu_simulation.ads
Consider also -gnatd.n switch (see debug.adb).
File "psu_monitoring.ads", line 90, characters 0-0:
Logical symbol neq is used in a non-ghost context                          |
Note that list may not be accurate in some cases,
Please include these source files with error report
be reproduced with the set of files listed.
compilation abandoned
gnatprove: error during flow analysis and proof
so please double check that the problem can still
|    u_monitoring.mlw to the session:
| Also include sources listed below.                                       |
| Include the entire contents of this bug box in the report.               |
| Include the exact command that you entered.                              |
| No source file position information available                            |
| Please submit a bug report using GNAT Tracker:                           |
| Pro 20.0w (19940713) (spark) GCC error:                                  |
| Use a subject line meaningful to you and us to track the bug.            |
| Use plain ASCII or MIME attachment(s).                                   |
| alternatively submit a bug report by email to report@adacore.com,        |
| could not add file gnatprove/ps   |
| http://www.adacore.com/gnattracker/ section 'send a report'.             |
| including your customer number #nnn in the subject line.                 |
