main.adb:13:04: warning: assuming "Put_Line" has no effect on global items
main.adb:13:04: warning: no Global contract available for "Put_Line"
main.adb:13:23: info: range check proved (CVC4: 1 VC)
main.adb:13:49: info: initialization of "X21" proved
main.adb:14:04: warning: assuming "Put_Line" has no effect on global items
main.adb:14:04: warning: no Global contract available for "Put_Line"
main.adb:14:23: info: range check proved (CVC4: 1 VC)
main.adb:14:49: info: initialization of "X22" proved
main.adb:15:04: warning: assuming "Put_Line" has no effect on global items
main.adb:15:04: warning: no Global contract available for "Put_Line"
main.adb:15:23: info: range check proved (CVC4: 1 VC)
main.adb:15:49: info: initialization of "X23" proved
main.adb:16:04: warning: assuming "Put_Line" has no effect on global items
main.adb:16:04: warning: no Global contract available for "Put_Line"
main.adb:16:23: info: range check proved (CVC4: 1 VC)
main.adb:16:49: info: initialization of "X24" proved
main.adb:17:04: warning: assuming "Put_Line" has no effect on global items
main.adb:17:04: warning: no Global contract available for "Put_Line"
main.adb:17:23: info: range check proved (CVC4: 1 VC)
main.adb:17:49: info: initialization of "X25" proved
numerics-algo.adb:13:16: info: precondition proved (CVC4: 1 VC)
numerics-algo.adb:13:18: info: initialization of "X1" proved
numerics-algo.adb:15:13: info: range check proved (Interval)
numerics-algo.adb:15:17: info: precondition proved (CVC4: 1 VC)
numerics-algo.adb:15:19: info: initialization of "X2" proved
numerics-algo.adb:17:16: info: precondition proved (CVC4: 1 VC)
numerics-algo.adb:17:18: info: initialization of "X3" proved
numerics-algo.adb:19:17: info: precondition proved (CVC4: 1 VC)
numerics-algo.adb:19:23: info: precondition proved (CVC4: 1 VC)
numerics-algo.adb:19:25: info: initialization of "X4" proved
numerics-algo.adb:20:17: info: precondition proved (CVC4: 1 VC)
numerics-algo.ads:6:20: info: initialization of "X1" proved
numerics-algo.ads:7:20: info: initialization of "X2" proved
numerics-algo.ads:8:20: info: initialization of "X3" proved
numerics-algo.ads:9:20: info: initialization of "X4" proved
numerics-algo.ads:10:20: info: initialization of "X5" proved
numerics.ads:20:99: info: range check proved (Interval)
numerics.ads:23:99: info: range check proved (Interval)
numerics.ads:26:99: info: range check proved (Interval)
numerics.ads:29:99: info: range check proved (Interval)



+==========================================================================+
+===========================GNAT BUG DETECTED==============================+
numerics.ads
Consider also -gnatd.n switch (see debug.adb).
File "numerics.ads", line 14, characters 0-0:
Logical symbol neq is used in a non-ghost context                          |
Note that list may not be accurate in some cases,
Please include these source files with error report
be reproduced with the set of files listed.
compilation abandoned
gnatprove: error during flow analysis and proof
so please double check that the problem can still
|    /numerics.mlw to the session:
| Also include sources listed below.                                       |
| Include the entire contents of this bug box in the report.               |
| Include the exact command that you entered.                              |
| No source file position information available                            |
| Please submit a bug report using GNAT Tracker:                           |
| Pro 20.0w (19940713) (spark) GCC error:                                  |
| Use a subject line meaningful to you and us to track the bug.            |
| Use plain ASCII or MIME attachment(s).                                   |
| alternatively submit a bug report by email to report@adacore.com,        |
| could not add file gnatprove   |
| http://www.adacore.com/gnattracker/ section 'send a report'.             |
| including your customer number #nnn in the subject line.                 |
