communications.adb:11:30: info: range check proved (CVC4: 1 VC)
communications.adb:11:30: medium: range check might fail
communications.adb:11:30: medium: range check might fail (e.g. when A = (others => (Sent => (others => 'NUL'), Received => (others => 'NUL'))) and A'First = 0 and A'Last = 2147483647)
communications.adb:13:17: info: length check proved (CVC4: 4 VC)
communications.adb:13:20: info: length check proved (CVC4: 4 VC)
communications.adb:14:14: info: initialization of "Coms.Msgs" proved
communications.ads:12:31: warning: unused initial value of "Com"
communications.ads:16:09: medium: invariant check might fail on default value
communications.ads:17:07: info: range check proved (CVC4: 2 VC)
communications.ads:21:30: info: index check proved (CVC4: 2 VC)
communications.ads:21:69: info: index check proved (CVC4: 2 VC)
communications.ads:21:69: info: overflow check proved (CVC4: 1 VC)
days.adb:9:25: info: range check proved (CVC4: 1 VC)
days.adb:16:13: info: initialization of "Tmp" proved
days.adb:17:13: info: initialization of "Tmp" proved
days.adb:18:16: info: initialization of "Tmp" proved
days.adb:20:12: info: initialization of "Tmp" proved
days.adb:20:12: info: predicate check proved (CVC4: 1 VC)
main.adb:5:07: medium: predicate check might fail
main.adb:6:07: medium: predicate check might fail
main.adb:7:26: info: range check proved (CVC4: 1 VC)
messages.adb:6:12: medium: predicate check might fail (e.g. when M = (Sent => (10 => 'SOH', others => 'NUL'), Received => (10 => 'NUL', others => 'SOH'))) [possible explanation: subprogram at line 4 should mention M in a precondition]



+==========================================================================+
+===========================GNAT BUG DETECTED==============================+
communications.adb
communications.ads
messages.ads
Consider also -gnatd.n switch (see debug.adb).
Note that list may not be accurate in some cases,
Please include these source files with error report
be reproduced with the set of files listed.
compilation abandoned
gnatprove: error during flow analysis and proof
so please double check that the problem can still
| Also include sources listed below.                                       |
| Error detected at communications.adb:7:7                                 |
| Include the entire contents of this bug box in the report.               |
| Include the exact command that you entered.                              |
| Please submit a bug report using GNAT Tracker:                           |
| Pro 19.0w (19940713) (spark) Assert_Failure gnat2why-counter_examples.adb:514|
| Use a subject line meaningful to you and us to track the bug.            |
| Use plain ASCII or MIME attachment(s).                                   |
| alternatively submit a bug report by email to report@adacore.com,        |
| http://www.adacore.com/gnattracker/ section 'send a report'.             |
| including your customer number #nnn in the subject line.                 |
