test_pack.adb:7:32: medium: float overflow check might fail (e.g. when Measured = 1.2500000E+0)
test_pack.ads:12:43: info: float overflow check proved (CVC4: 1 VC)
test_pack.ads:14:42: info: float overflow check proved (CVC4: 1 VC)
wibble.adb:11:03: medium: precondition might fail (e.g. when X = (Desired => -1.0265503E+0, Error => 0.0))
wibble.adb:11:15: info: initialization of "X.Desired" proved
wibble.adb:11:15: info: initialization of "X.Error" proved
