example.adb:7:20: info: range check proved (CVC4: 1 VC; Z3: 1 VC)
