saturation.ads:12:23: medium: postcondition might fail, cannot prove Val = Val'old (e.g. when Val = (Value => 32768, Upper_Bound => 32768) and Val'Old = (Value => 4095, Upper_Bound => 32768))
counterexample expected for check at saturation.ads:12
  trace at saturation.adb:5 --> Val = (Value => 32768, Upper_Bound => 32768)
  trace at saturation.ads:11 --> Val = (Value => 4095, Upper_Bound => 32768)
  trace at saturation.ads:12 --> Val = (Value => 32768, Upper_Bound => 32768) and Val'Old = (Value => 4095, Upper_Bound => 32768)
