arraydef.adb:5:24: info: unrolling loop
arraydef.adb:6:24: medium: overflow check might fail [possible explanation: subprogram at line 2 should mention X in a precondition]
