alias.adb:6:14: medium: overflow check might fail (e.g. when G = -1 and X = Integer'First) [possible explanation: subprogram at line 4 should mention G and X in a precondition]
alias.adb:10:14: medium: overflow check might fail (e.g. when G = Integer'First and X = -1) [possible explanation: subprogram at line 8 should mention G and X in a precondition]
alias.adb:42:10: high: formal parameter "X" and global "G" are aliased (SPARK RM 6.4.2)
alias.adb:44:10: high: formal parameter "X" and global "H" are aliased (SPARK RM 6.4.2)
alias.adb:45:10: high: formal parameter "X" and global "H" are aliased (SPARK RM 6.4.2)
alias.adb:46:10: high: formal parameter "X" and global "I" are aliased (SPARK RM 6.4.2)
alias.adb:47:10: high: formal parameter "X" and global "I" are aliased (SPARK RM 6.4.2)
alias.adb:48:10: high: formal parameter "X" and global "J" are aliased (SPARK RM 6.4.2)
alias.adb:49:10: high: formal parameter "X" and global "J" are aliased (SPARK RM 6.4.2)
alias.ads:20:28: info: initialization of "G" proved
alias.ads:21:04: info: range check proved (CVC4: 2 VC)



+==========================================================================+
+===========================GNAT BUG DETECTED==============================+
alias.adb
alias.ads
Consider also -gnatd.n switch (see debug.adb).
Note that list may not be accurate in some cases,
Please include these source files with error report
be reproduced with the set of files listed.
compilation abandoned
gnatprove: error during flow analysis and proof
so please double check that the problem can still
| Also include sources listed below.                                       |
| Error detected at alias.adb:49:7                                         |
| Include the entire contents of this bug box in the report.               |
| Include the exact command that you entered.                              |
| Please submit a bug report using GNAT Tracker:                           |
| Pro 19.0w (19940713) (spark) Assert_Failure gnat2why-counter_examples.adb:409|
| Use a subject line meaningful to you and us to track the bug.            |
| Use plain ASCII or MIME attachment(s).                                   |
| alternatively submit a bug report by email to report@adacore.com,        |
| http://www.adacore.com/gnattracker/ section 'send a report'.             |
| including your customer number #nnn in the subject line.                 |
