stabilizer_pack.adb:21:22: medium: float overflow check might fail (e.g. when Asl = 3.3996556E+38 and Asl_Alpha = 1.9999467E+0 and Asl_Raw = 1.9692383E+0) [possible explanation: subprogram at line 17 should mention Asl and Asl_Alpha in a precondition]
stabilizer_pack.adb:21:34: medium: float overflow check might fail (e.g. when Asl_Alpha = 1.6232909E+0) [possible explanation: subprogram at line 17 should mention Asl and Asl_Alpha and Asl_Raw in a precondition]
stabilizer_pack.adb:21:44: medium: float overflow check might fail (e.g. when Asl_Raw = 1.3512499E+38) [possible explanation: subprogram at line 17 should mention Asl_Alpha and Asl_Raw in a precondition]
stabilizer_pack.adb:21:51: info: float overflow check proved (CVC4: 1 VC)
stabilizer_pack.adb:22:32: medium: float overflow check might fail (e.g. when Asl_Alpha_Long = 0.0 and Asl_Long = 0.0) [possible explanation: subprogram at line 17 should mention Asl_Alpha_Long and Asl_Long in a precondition]
stabilizer_pack.adb:23:09: medium: float overflow check might fail [possible explanation: subprogram at line 17 should mention Asl_Alpha_Long and Asl_Long and Asl_Raw in a precondition]
stabilizer_pack.adb:23:19: medium: float overflow check might fail (e.g. when Asl_Alpha_Long = 1.0000008E+0 and Asl_Raw = 0.0) [possible explanation: subprogram at line 17 should mention Asl_Alpha_Long and Asl_Raw in a precondition]
stabilizer_pack.adb:23:26: medium: float overflow check might fail [possible explanation: subprogram at line 17 should mention Asl_Alpha_Long in a precondition]
stabilizer_pack.ads:16:04: info: initialization of "Temperature" constituent of "Asl_Variables" proved
stabilizer_pack.ads:18:04: info: initialization of "Pressure" constituent of "Asl_Variables" proved
stabilizer_pack.ads:20:04: info: initialization of "Asl" constituent of "Asl_Variables" proved
stabilizer_pack.ads:22:04: info: initialization of "Asl_Raw" constituent of "Asl_Variables" proved
stabilizer_pack.ads:24:04: info: initialization of "Asl_Long" constituent of "Asl_Variables" proved
stabilizer_pack.ads:28:04: info: initialization of "Asl_Err_Deadband" constituent of "Asl_Parameters" proved
stabilizer_pack.ads:30:04: info: initialization of "Asl_Alpha" constituent of "Asl_Parameters" proved
stabilizer_pack.ads:32:04: info: initialization of "Asl_Alpha_Long" constituent of "Asl_Parameters" proved
