SOUNDNESS BUG at member_alt.adb:15: mark @ASSERT:FAIL not found
SOUNDNESS BUG at member_alt.adb:25: mark @PRECONDITION:FAIL not found
member_alt.adb:9:14: warning: subprogram "Bad" has no effect
member_alt.adb:14:22: info: assertion proved (CVC4: 1 VC), in call inlined at member_alt.adb:28
member_alt.adb:14:22: info: initialization of "X.F" proved
member_alt.adb:14:22: info: initialization of "X.F" proved, in call inlined at member_alt.adb:28
member_alt.adb:14:26: info: initialization of "Y.F" proved
member_alt.adb:14:26: info: initialization of "Y.F" proved, in call inlined at member_alt.adb:28
member_alt.adb:15:22: info: initialization of "X.F" proved
member_alt.adb:15:22: info: initialization of "X.F" proved, in call inlined at member_alt.adb:28
member_alt.adb:15:31: info: initialization of "Y.F" proved
member_alt.adb:15:31: info: initialization of "Y.F" proved, in call inlined at member_alt.adb:28
member_alt.adb:15:35: info: initialization of "Z.F" proved
member_alt.adb:15:35: info: initialization of "Z.F" proved, in call inlined at member_alt.adb:28
member_alt.adb:18:14: warning: subprogram "Bad2" has no effect
member_alt.adb:25:22: info: initialization of "X.F" proved



+==========================================================================+
+===========================GNAT BUG DETECTED==============================+
member_alt.adb
Consider also -gnatd.n switch (see debug.adb).
Note that list may not be accurate in some cases,
Please include these source files with error report
be reproduced with the set of files listed.
compilation abandoned
gnatprove: error during flow analysis and proof
so please double check that the problem can still
| Also include sources listed below.                                       |
| Error detected at member_alt.adb:22:9                                    |
| Include the entire contents of this bug box in the report.               |
| Include the exact command that you entered.                              |
| Please submit a bug report using GNAT Tracker:                           |
| Pro 19.0w (19940713) (spark) Assert_Failure gnat2why-counter_examples.adb:409|
| Use a subject line meaningful to you and us to track the bug.            |
| Use plain ASCII or MIME attachment(s).                                   |
| alternatively submit a bug report by email to report@adacore.com,        |
| http://www.adacore.com/gnattracker/ section 'send a report'.             |
| including your customer number #nnn in the subject line.                 |
