SOUNDNESS BUG at types_with_inv.ads:20: mark @INVARIANT_CHECK:FAIL not found
SOUNDNESS BUG at types_with_inv.ads:22: mark @INVARIANT_CHECK:FAIL not found
inherited_proc.adb:7:10: high: "X" is not initialized
types_with_inv.ads:4:27: info: initialization of "X" proved
types_with_inv.ads:8:14: medium: invariant check might fail (e.g. when X = 0)
types_with_inv.ads:8:20: warning: unused initial value of "X"
types_with_inv.ads:10:14: medium: invariant check might fail (e.g. when X = 0)
types_with_inv.ads:10:21: warning: unused initial value of "X"
types_with_inv.ads:16:27: info: initialization of "X.F" proved
types_with_inv.ads:20:20: warning: unused initial value of "X"
types_with_inv.ads:22:21: warning: unused initial value of "X"
types_with_inv.ads:24:09: info: invariant check proved on default value (CVC4: 1 VC)
types_with_inv.ads:25:24: info: range check proved (CVC4: 1 VC)
types_with_inv.ads:28:09: info: invariant check proved on default value (CVC4: 1 VC)



+==========================================================================+
+===========================GNAT BUG DETECTED==============================+
types_with_inv.adb
types_with_inv.ads
Consider also -gnatd.n switch (see debug.adb).
Note that list may not be accurate in some cases,
Please include these source files with error report
be reproduced with the set of files listed.
compilation abandoned
gnatprove: error during flow analysis and proof
so please double check that the problem can still
| Also include sources listed below.                                       |
| Error detected at types_with_inv.adb:30:20                               |
| Include the entire contents of this bug box in the report.               |
| Include the exact command that you entered.                              |
| Please submit a bug report using GNAT Tracker:                           |
| Pro 19.0w (19940713) (spark) Assert_Failure gnat2why-counter_examples.adb:409|
| Use a subject line meaningful to you and us to track the bug.            |
| Use plain ASCII or MIME attachment(s).                                   |
| alternatively submit a bug report by email to report@adacore.com,        |
| http://www.adacore.com/gnattracker/ section 'send a report'.             |
| including your customer number #nnn in the subject line.                 |
