test.ads:4:18: medium: postcondition might fail, cannot prove Test'Result = 1 (e.g. when Test'Result = 0)
test2.ads:4:18: medium: postcondition might fail, cannot prove Test'Result = 1 (e.g. when Test'Result = 0)
