test_record_cnt_ex.ads:30:19: info: initialization of "X_1.F1" proved
test_record_cnt_ex.ads:30:19: info: initialization of "X_1.F2" proved
test_record_cnt_ex.ads:30:19: info: initialization of private part of "X_1" proved
test_record_cnt_ex.ads:30:19: medium: assertion might fail, cannot prove X_1 = Y_1
test_record_cnt_ex.ads:30:25: info: initialization of "Y_1.F1" proved
test_record_cnt_ex.ads:30:25: info: initialization of "Y_1.F2" proved
test_record_cnt_ex.ads:30:25: info: initialization of private part of "Y_1" proved
test_record_cnt_ex.ads:51:19: info: initialization of "X_2.F1" proved
test_record_cnt_ex.ads:51:19: info: initialization of "X_2.F2" proved
test_record_cnt_ex.ads:51:19: medium: assertion might fail, cannot prove X_2 = Y_2
test_record_cnt_ex.ads:51:25: info: initialization of "Y_2.F1" proved
test_record_cnt_ex.ads:51:25: info: initialization of "Y_2.F2" proved
test_record_cnt_ex.ads:71:33: info: range check proved (CVC4: 1 VC)
test_record_cnt_ex.ads:72:38: info: range check proved (CVC4: 1 VC)
test_record_cnt_ex.ads:73:28: info: discriminant check proved (CVC4: 1 VC)
test_record_cnt_ex.ads:74:28: info: discriminant check proved (CVC4: 1 VC)
test_record_cnt_ex.ads:74:46: info: implicit function contract not available for proof ("Id" might not return)
test_record_cnt_ex.ads:75:33: info: discriminant check proved (CVC4: 1 VC)
test_record_cnt_ex.ads:76:33: info: discriminant check proved (CVC4: 1 VC)
test_record_cnt_ex.ads:76:58: info: implicit function contract not available for proof ("Id" might not return)
test_record_cnt_ex.ads:85:25: info: discriminant check proved (CVC4: 1 VC)
test_record_cnt_ex.ads:86:25: info: discriminant check proved (CVC4: 1 VC)
test_record_cnt_ex.ads:87:30: info: discriminant check proved (CVC4: 1 VC)
test_record_cnt_ex.ads:88:30: info: discriminant check proved (CVC4: 1 VC)
test_record_cnt_ex.ads:90:19: medium: assertion might fail, cannot prove X = Y
test_record_cnt_ex.ads:94:19: medium: assertion might fail, cannot prove Z = W
