<stream>:1:1: Unexpected token
unproved_checks.ads:3:19: high: "X1" is not initialized
unproved_checks.ads:5:19: high: "X2" is not initialized




  --ce-prover          Give a specific prover for counterexamples
  --ce-timeout         Set the timeout for counter examples in seconds
  --counterexample     on if the counterexample for unproved VC should be get, off elsewhere
  --debug              Enable debug mode; also deactivates why3server
  --debug-gnat-server  Enable debug mode for gnat_server
  --debug-save-vcs     Save VCs files when running provers
  --debug-server       Enable debug mode and keep why3server activated
  --debug-stack-trace  Enable debug mode; and gives stack_trace on any exception raised
  --debug-why3         Enable a debug flag from Why3
  --force              Rerun VC generation and proofs, even when the result is up to date
  --help               Display this list of options                        |
  --limit-line         Limit proof to a file and line, given by "file:line[:column:checkkind]"
  --limit-subp         Limit proof to a subprogram defined by "file:line"
  --memlimit           Set the memory limit in megabytes
  --prepare-shared     Build user libraries for manual provers
  --proof              Set proof mode, one of (then_split|no_wp|all_split|path_wp|no_split) , default is then_split
  --proof-dir          Specify directory to save session and manual proofs files
  --prove-all run      prover on all VCs, do not stop on first unproved one
  --prover             Use prover given in argument instead of Alt-Ergo
  --replay             Do not try new proofs, only replay existing proofs
  --socket             The name of the socket to be used
  --standalone         spawn its own VC server
  --steps              Set the steps (default: no steps). This option is *not* passed to alt-ergo, only used to compute the timeout
  --timeout            Set the timeout in seconds
  --version            Print version information and exit
  --warn-prover        Give a specific prover for warnings
  --warn-timeout       Set the timeout for warnings in seconds (default is 1 second)
  --why3-conf          Specify additionnal configuration file
  -f                   Rerun VC generation and proofs, even when the result is up to date
  -help                Display this list of options
  -j                   Set the number of parallel processes (default is 1)
  -t                   Set the timeout in seconds
+==========================================================================+
+===========================GNAT BUG DETECTED==============================+
unproved_checks.ads
Consider also -gnatd.n switch (see debug.adb).
Note that list may not be accurate in some cases,
Please include these source files with error report
Usage: gnatwhy3 [options] file
be reproduced with the set of files listed.
compilation abandoned
gnatprove: error during flow analysis and proof
so please double check that the problem can still
|    atwhy3: unknown option '--limit-region'.
| /home/sdailler/Projet/spark_env/spark2014/install/libexec/spark/bin/gn   |
| Also include sources listed below.                                       |
| Include the entire contents of this bug box in the report.               |
| Include the exact command that you entered.                              |
| No source file position information available                            |
| Please submit a bug report using GNAT Tracker:                           |
| Pro 19.0w (19940713) (spark) GCC error:                                  |
| Use a subject line meaningful to you and us to track the bug.            |
| Use plain ASCII or MIME attachment(s).                                   |
| alternatively submit a bug report by email to report@adacore.com,        |
| http://www.adacore.com/gnattracker/ section 'send a report'.             |
| including your customer number #nnn in the subject line.                 |
