SOUNDNESS BUG at main.adb:87: mark @ASSERT:FAIL not found
SOUNDNESS BUG at main.adb:89: mark @ASSERT:FAIL not found
SOUNDNESS BUG at main.adb:91: mark @ASSERT:FAIL not found
main.adb:1:11: warning: subprogram "Main" has no effect
main.adb:44:34: info: initialization of "Cheat" proved
main.adb:55:13: info: initialization of "Arr_Obj" proved, in call inlined at main.adb:78
main.adb:60:21: info: initialization of "Arr_Obj" proved, in call inlined at main.adb:79
main.adb:60:32: info: overflow check proved (CVC4: 1 VC), in call inlined at main.adb:79
main.adb:63:14: info: initialization of "Rec_Obj.Comp" proved
main.adb:71:19: info: assertion proved (CVC4: 1 VC)
main.adb:71:19: info: initialization of "Arr_Obj" proved
main.adb:72:19: info: assertion proved (CVC4: 1 VC)
main.adb:72:19: info: initialization of "Arr_Obj" proved
main.adb:73:19: info: assertion proved (CVC4: 1 VC)
main.adb:74:19: info: assertion proved (CVC4: 1 VC)
main.adb:74:19: info: initialization of "Rec_Obj.Comp" proved
main.adb:75:19: info: assertion proved (CVC4: 1 VC)
main.adb:76:19: info: assertion proved (CVC4: 1 VC)
main.adb:87:25: info: initialization of "Arr_Obj" proved
main.adb:89:25: info: initialization of "Arr_Obj" proved
main.adb:91:25: info: initialization of "Rec_Obj.Comp" proved



+==========================================================================+
+===========================GNAT BUG DETECTED==============================+
main.adb
Consider also -gnatd.n switch (see debug.adb).
Note that list may not be accurate in some cases,
Please include these source files with error report
be reproduced with the set of files listed.
compilation abandoned
gnatprove: error during flow analysis and proof
so please double check that the problem can still
| Also include sources listed below.                                       |
| Error detected at main.adb:38:7                                          |
| Include the entire contents of this bug box in the report.               |
| Include the exact command that you entered.                              |
| Please submit a bug report using GNAT Tracker:                           |
| Pro 19.0w (19940713) (spark) Assert_Failure gnat2why-counter_examples.adb:409|
| Use a subject line meaningful to you and us to track the bug.            |
| Use plain ASCII or MIME attachment(s).                                   |
| alternatively submit a bug report by email to report@adacore.com,        |
| http://www.adacore.com/gnattracker/ section 'send a report'.             |
| including your customer number #nnn in the subject line.                 |
