pack.adb:5:30: medium: overflow check might fail (e.g. when C = Positive_Count'Last and Col_Count = 1) [possible explanation: subprogram at line 3 should mention Col_Count and C in a precondition]
