Why3 for gnatprove version 1.2.0~git
 2.2.0
 CVC4 version 1.6-prerelease
 Z3 version 4.8.0
