split_pointers.adb:11:14: warning: subprogram "Test_In" has no effect
split_pointers.adb:19:19: info: initialization of "Tmp" proved
split_pointers.adb:38:27: info: initialization of "Z" proved
split_pointers.adb:55:17: info: initialization of "Tmp" proved
split_pointers.adb:57:14: info: initialization of "Tmp" proved
split_pointers.adb:71:16: info: initialization of "Y" proved
split_pointers.adb:71:19: info: initialization of "C" proved
split_pointers.adb:72:09: info: initialization of "W" proved
split_pointers.adb:72:22: info: initialization of "Y" proved
split_pointers.adb:72:25: info: initialization of "C" proved
split_pointers.adb:73:17: info: initialization of "W" proved
split_pointers.adb:73:20: info: initialization of "Y" proved
split_pointers.adb:73:23: info: initialization of "Z" proved
split_pointers.adb:74:13: info: initialization of "H1.X" proved
split_pointers.adb:74:19: info: initialization of "H3.X" proved
split_pointers.adb:75:09: info: initialization of "C" proved
split_pointers.adb:75:09: info: initialization of "W" proved
split_pointers.adb:75:19: info: initialization of "H1.X" proved
split_pointers.adb:75:25: info: initialization of "H3.X" proved
split_pointers.adb:76:17: info: initialization of "H1.X" proved
split_pointers.adb:76:23: info: initialization of "H3.X" proved
split_pointers.adb:76:29: info: initialization of "H4.X" proved
split_pointers.adb:77:04: info: initialization of "C" proved
split_pointers.adb:77:04: info: initialization of "W" proved
split_pointers.adb:77:04: info: initialization of "Y" proved



                                                                           |
+==========================================================================+
+===========================GNAT BUG DETECTED==============================+
split_pointers.adb
Consider also -gnatd.n switch (see debug.adb).
Note that list may not be accurate in some cases,
Please include these source files with error report
be reproduced with the set of files listed.
compilation abandoned
gnatprove: error during flow analysis and proof
so please double check that the problem can still
| Also include sources listed below.                                       |
| Include the entire contents of this bug box in the report.               |
| Include the exact command that you entered.                              |
| No source file position information available                            |
| Please submit a bug report using GNAT Tracker:                           |
| Pro 19.0w (19940713) (spark) GCC error:                                  |
| Use a subject line meaningful to you and us to track the bug.            |
| Use plain ASCII or MIME attachment(s).                                   |
| alternatively submit a bug report by email to report@adacore.com,        |
| http://www.adacore.com/gnattracker/ section 'send a report'.             |
| including your customer number #nnn in the subject line.                 |
| unknown VC reason: VC_NULL_POINTER_DEREFERENCE
