bar.adb:4:18: info: unrolling loop
bar.adb:5:25: medium: assertion might fail, cannot prove X (e.g. when X = False)
bar.ads:4:55: medium: predicate check might fail (e.g. when X = False) [possible explanation: subprogram at line 4 should mention X in a precondition]
bar.ads:5:14: warning: subprogram "P" has no effect
foo.ads:30:07: info: range check proved (CVC4: 2 VC)
foo.ads:33:38: info: range check proved (CVC4: 1 VC)
foo.ads:36:23: info: index check proved (CVC4: 2 VC)
foo.ads:38:62: medium: predicate check might fail (e.g. when CPU_ID = 0)



+==========================================================================+
+===========================GNAT BUG DETECTED==============================+
foo.ads
Consider also -gnatd.n switch (see debug.adb).
Note that list may not be accurate in some cases,
Please include these source files with error report
be reproduced with the set of files listed.
compilation abandoned
gnatprove: error during flow analysis and proof
so please double check that the problem can still
| Also include sources listed below.                                       |
| Error detected at foo.ads:44:43                                          |
| Include the entire contents of this bug box in the report.               |
| Include the exact command that you entered.                              |
| Please submit a bug report using GNAT Tracker:                           |
| Pro 19.0w (19940713) (spark) Assert_Failure gnat2why-counter_examples.adb:514|
| Use a subject line meaningful to you and us to track the bug.            |
| Use plain ASCII or MIME attachment(s).                                   |
| alternatively submit a bug report by email to report@adacore.com,        |
| http://www.adacore.com/gnattracker/ section 'send a report'.             |
| including your customer number #nnn in the subject line.                 |
