concat_string.adb:4:21: low: range check might fail (e.g. when S = (others => 'NUL') and S'First = 1 and S'Last = 2147483647 and S1'First = 1 and S1'Last = 1) [possible explanation: subprogram at line 1 should mention S in a precondition]
concat_string.adb:5:31: info: range check proved (CVC4: 1 VC)
concat_string.adb:7:11: info: initialization of "S1" proved
concat_string.adb:7:14: low: range check might fail
concat_string.adb:7:16: info: initialization of "S2" proved
