SOUNDNESS BUG at main.adb:9: mark @PRECONDITION:FAIL not found
main.adb:2:11: warning: subprogram "Main" has no effect
main.adb:4:27: info: range check proved (CVC4: 1 VC)
main.adb:9:13: high: private part of "V.Content" is not initialized, in call inlined at main.adb:14
priv.adb:6:21: info: index check proved (CVC4: 2 VC)
priv.adb:12:25: info: cannot unroll loop (too many loop iterations)
priv.ads:9:07: info: range check proved (CVC4: 2 VC)



+==========================================================================+
+===========================GNAT BUG DETECTED==============================+
main.adb
priv.ads
Consider also -gnatd.n switch (see debug.adb).
Note that list may not be accurate in some cases,
Please include these source files with error report
be reproduced with the set of files listed.
compilation abandoned
gnatprove: error during flow analysis and proof
so please double check that the problem can still
| Also include sources listed below.                                       |
| Error detected at main.adb:9:13 [main.adb:14:4]                          |
| Include the entire contents of this bug box in the report.               |
| Include the exact command that you entered.                              |
| Please submit a bug report using GNAT Tracker:                           |
| Pro 19.0w (19940713) (spark) Constraint_Error Gnat2Why.Tables.Component_Visibility_Maps.Constant_Reference: key not in map|
| Use a subject line meaningful to you and us to track the bug.            |
| Use plain ASCII or MIME attachment(s).                                   |
| alternatively submit a bug report by email to report@adacore.com,        |
| http://www.adacore.com/gnattracker/ section 'send a report'.             |
| including your customer number #nnn in the subject line.                 |
